#
# There is insufficient memory for the Java Runtime Environment to continue.
# Native memory allocation (malloc) failed to allocate 497560 bytes. Error detail: Chunk::new
# Possible reasons:
#   The system is out of physical RAM or swap space
#   This process is running with CompressedOops enabled, and the Java Heap may be blocking the growth of the native heap
# Possible solutions:
#   Reduce memory load on the system
#   Increase physical memory or swap space
#   Check if swap backing store is full
#   Decrease Java heap size (-Xmx/-Xms)
#   Decrease number of Java threads
#   Decrease Java thread stack sizes (-Xss)
#   Set larger code cache with -XX:ReservedCodeCacheSize=
#   JVM is running with Unscaled Compressed Oops mode in which the Java heap is
#     placed in the first 4GB address space. The Java Heap base address is the
#     maximum limit for the native heap growth. Please use -XX:HeapBaseMinAddress
#     to set the Java Heap base and to place the Java Heap above 4GB virtual address.
# This output file may be truncated or incomplete.
#
#  Out of Memory Error (arena.cpp:186), pid=17372, tid=1008
#
# JRE version: OpenJDK Runtime Environment Temurin-25.0.1+8 (25.0.1+8) (build 25.0.1+8-LTS)
# Java VM: OpenJDK 64-Bit Server VM Temurin-25.0.1+8 (25.0.1+8-LTS, mixed mode, sharing, tiered, compressed oops, compressed class ptrs, g1 gc, windows-amd64)
# No core dump will be written. Minidumps are not enabled by default on client versions of Windows
#

---------------  S U M M A R Y ------------

Command Line: -Dfile.encoding=UTF-8 com.pizzaria.util.MainApp

Host: Intel(R) Core(TM) i3-7020U CPU @ 2.30GHz, 4 cores, 3G,  Windows 10 , 64 bit Build 19041 (10.0.19041.5915)
Time: Thu Jul 30 20:38:59 2026 Hora oficial do Brasil elapsed time: 0.341675 seconds (0d 0h 0m 0s)

---------------  T H R E A D  ---------------

Current thread (0x0000029f7cbd9f40):  JavaThread "C2 CompilerThread0" daemon [_thread_in_native, id=1008, stack(0x000000ddc4600000,0x000000ddc4700000) (1024K)]


Current CompileTask:
C2:341  388       4       java.lang.StringCoding::countNonZeroAsciiLatin1 (33 bytes)

Stack: [0x000000ddc4600000,0x000000ddc4700000]
Native frames: (J=compiled Java code, j=interpreted, Vv=VM code, C=native code)
V  [jvm.dll+0x7a8379]  (no source info available)
V  [jvm.dll+0x7729fd]  (no source info available)
V  [jvm.dll+0x9f57b3]  (no source info available)
V  [jvm.dll+0x9f7da1]  (no source info available)
V  [jvm.dll+0x9f84a3]  (no source info available)
V  [jvm.dll+0x2fcd26]  (no source info available)
V  [jvm.dll+0x111086]  (no source info available)
V  [jvm.dll+0x1113ae]  (no source info available)
V  [jvm.dll+0x1a01a2]  (no source info available)
V  [jvm.dll+0x3b5e72]  (no source info available)
V  [jvm.dll+0x7adcec]  (no source info available)
V  [jvm.dll+0x2c0327]  (no source info available)
V  [jvm.dll+0x2bf2ef]  (no source info available)
V  [jvm.dll+0x237300]  (no source info available)
V  [jvm.dll+0x2cf386]  (no source info available)
V  [jvm.dll+0x2cd60a]  (no source info available)
V  [jvm.dll+0x48f64e]  (no source info available)
V  [jvm.dll+0x99630d]  (no source info available)
V  [jvm.dll+0x7a6955]  (no source info available)
C  [ucrtbase.dll+0x21bb2]  (no source info available)
C  [KERNEL32.DLL+0x17374]  (no source info available)
C  [ntdll.dll+0x4cc91]  (no source info available)

Lock stack of current Java thread (top to bottom):


---------------  P R O C E S S  ---------------

Threads class SMR info:
_java_thread_list=0x0000029f1c216e00, length=14, elements={
0x0000029f7710de60, 0x0000029f7cbc63d0, 0x0000029f7cbc9240, 0x0000029f7cbcded0,
0x0000029f7cbcea90, 0x0000029f7cbcfe70, 0x0000029f7cbd1040, 0x0000029f7cbd9f40,
0x0000029f7cc07cc0, 0x0000029f7ccb3730, 0x0000029f7ccb4780, 0x0000029f1c215f00,
0x0000029f17f04dd0, 0x0000029f17f05a70
}

Java Threads: ( => current thread )
  0x0000029f7710de60 JavaThread "main"                              [_thread_in_vm, id=9644, stack(0x000000ddc3800000,0x000000ddc3900000) (1024K)]
  0x0000029f7cbc63d0 JavaThread "Reference Handler"          daemon [_thread_blocked, id=17576, stack(0x000000ddc4000000,0x000000ddc4100000) (1024K)]
  0x0000029f7cbc9240 JavaThread "Finalizer"                  daemon [_thread_blocked, id=2320, stack(0x000000ddc4100000,0x000000ddc4200000) (1024K)]
  0x0000029f7cbcded0 JavaThread "Signal Dispatcher"          daemon [_thread_blocked, id=12432, stack(0x000000ddc4200000,0x000000ddc4300000) (1024K)]
  0x0000029f7cbcea90 JavaThread "Attach Listener"            daemon [_thread_blocked, id=9896, stack(0x000000ddc4300000,0x000000ddc4400000) (1024K)]
  0x0000029f7cbcfe70 JavaThread "Service Thread"             daemon [_thread_blocked, id=11888, stack(0x000000ddc4400000,0x000000ddc4500000) (1024K)]
  0x0000029f7cbd1040 JavaThread "Monitor Deflation Thread"   daemon [_thread_blocked, id=15632, stack(0x000000ddc4500000,0x000000ddc4600000) (1024K)]
=>0x0000029f7cbd9f40 JavaThread "C2 CompilerThread0"         daemon [_thread_in_native, id=1008, stack(0x000000ddc4600000,0x000000ddc4700000) (1024K)]
  0x0000029f7cc07cc0 JavaThread "C1 CompilerThread0"         daemon [_thread_blocked, id=10228, stack(0x000000ddc4700000,0x000000ddc4800000) (1024K)]
  0x0000029f7ccb3730 JavaThread "Notification Thread"        daemon [_thread_blocked, id=15496, stack(0x000000ddc4800000,0x000000ddc4900000) (1024K)]
  0x0000029f7ccb4780 JavaThread "Common-Cleaner"             daemon [_thread_blocked, id=14840, stack(0x000000ddc4900000,0x000000ddc4a00000) (1024K)]
  0x0000029f1c215f00 JavaThread "Java2D Disposer"            daemon [_thread_blocked, id=2332, stack(0x000000ddc4a00000,0x000000ddc4b00000) (1024K)]
  0x0000029f17f04dd0 JavaThread "AWT-Shutdown"                      [_thread_blocked, id=13544, stack(0x000000ddc4b00000,0x000000ddc4c00000) (1024K)]
  0x0000029f17f05a70 JavaThread "AWT-Windows"                daemon [_thread_in_native, id=14196, stack(0x000000ddc4c00000,0x000000ddc4d00000) (1024K)]
Total: 14

Other Threads:
  0x0000029f7cbb59f0 VMThread "VM Thread"                           [id=9012, stack(0x000000ddc3f00000,0x000000ddc4000000) (1024K)]
  0x0000029f7cbac1d0 WatcherThread "VM Periodic Task Thread"        [id=17912, stack(0x000000ddc3e00000,0x000000ddc3f00000) (1024K)]
  0x0000029f79379db0 WorkerThread "GC Thread#0"                     [id=912, stack(0x000000ddc3900000,0x000000ddc3a00000) (1024K)]
  0x0000029f79387a70 ConcurrentGCThread "G1 Main Marker"            [id=11704, stack(0x000000ddc3a00000,0x000000ddc3b00000) (1024K)]
  0x0000029f79388f30 WorkerThread "G1 Conc#0"                       [id=15396, stack(0x000000ddc3b00000,0x000000ddc3c00000) (1024K)]
  0x0000029f793b1560 ConcurrentGCThread "G1 Refine#0"               [id=6672, stack(0x000000ddc3c00000,0x000000ddc3d00000) (1024K)]
  0x0000029f793b2170 ConcurrentGCThread "G1 Service"                [id=17508, stack(0x000000ddc3d00000,0x000000ddc3e00000) (1024K)]
Total: 7

Threads with active compile tasks:
C2 CompilerThread0  476  388       4       java.lang.StringCoding::countNonZeroAsciiLatin1 (33 bytes)
Total: 1

VM state: not at safepoint (normal execution)

VM Mutex/Monitor currently owned by a thread:  ([mutex/lock_event])
[0x00007ffa37644168] Metaspace_lock - owner thread: 0x0000029f7710de60

Heap address: 0x00000000c1e00000, size: 994 MB, Compressed Oops mode: 32-bit

CDS archive(s) mapped at: [0x0000000006000000-0x0000000006dd0000-0x0000000006dd0000), size 14483456, SharedBaseAddress: 0x0000000006000000, ArchiveRelocationMode: 1.
Compressed class space mapped at: 0x0000000007000000-0x0000000047000000, reserved size: 1073741824
UseCompressedClassPointers 1, UseCompactObjectHeaders 0
Narrow klass pointer bits 32, Max shift 3
Narrow klass base: 0x0000000006000000, Narrow klass shift: 0
Encoding Range: [0x0000000006000000 - 0x0000000106000000), (4294967296 bytes)
Klass Range:    [0x0000000006010000 - 0x0000000047000000), (1090453504 bytes)
Klass ID Range:  [65536 - 1090519033) (1090453497)
Protection zone: [0x0000000006000000 - 0x0000000006010000), (65536 bytes)

GC Precious Log:
 CardTable entry size: 512
 Card Set container configuration: InlinePtr #cards 5 size 8 Array Of Cards #cards 10 size 36 Howl #buckets 4 coarsen threshold 1843 Howl Bitmap #cards 512 size 80 coarsen threshold 460 Card regions per heap region 1 cards per card region 2048
 CPUs: 4 total, 4 available
 Memory: 3975M
 Large Page Support: Disabled
 NUMA Support: Disabled
 Compressed Oops: Enabled (32-bit)
 Heap Region Size: 1M
 Heap Min Capacity: 8M
 Heap Initial Capacity: 64M
 Heap Max Capacity: 994M
 Pre-touch: Disabled
 Parallel Workers: 4
 Concurrent Workers: 1
 Concurrent Refinement Workers: 4
 Periodic GC: Disabled

Heap:
 garbage-first heap   total reserved 1017856K, committed 67584K, used 7315K [0x00000000c1e00000, 0x0000000100000000)
  region size 1024K, 7 young (7168K), 0 survivors (0K)

Heap Regions: E=young(eden), S=young(survivor), O=old, HS=humongous(starts), HC=humongous(continues), CS=collection set, F=free, TAMS=top-at-mark-start, PB=parsable bottom
|   0|0x00000000c1e00000, 0x00000000c1e00000, 0x00000000c1f00000|  0%| F|  |TAMS 0x00000000c1e00000| PB 0x00000000c1e00000| Untracked |  0
|   1|0x00000000c1f00000, 0x00000000c1f00000, 0x00000000c2000000|  0%| F|  |TAMS 0x00000000c1f00000| PB 0x00000000c1f00000| Untracked |  0
|   2|0x00000000c2000000, 0x00000000c2000000, 0x00000000c2100000|  0%| F|  |TAMS 0x00000000c2000000| PB 0x00000000c2000000| Untracked |  0
|   3|0x00000000c2100000, 0x00000000c2100000, 0x00000000c2200000|  0%| F|  |TAMS 0x00000000c2100000| PB 0x00000000c2100000| Untracked |  0
|   4|0x00000000c2200000, 0x00000000c2200000, 0x00000000c2300000|  0%| F|  |TAMS 0x00000000c2200000| PB 0x00000000c2200000| Untracked |  0
|   5|0x00000000c2300000, 0x00000000c2300000, 0x00000000c2400000|  0%| F|  |TAMS 0x00000000c2300000| PB 0x00000000c2300000| Untracked |  0
|   6|0x00000000c2400000, 0x00000000c2400000, 0x00000000c2500000|  0%| F|  |TAMS 0x00000000c2400000| PB 0x00000000c2400000| Untracked |  0
|   7|0x00000000c2500000, 0x00000000c2500000, 0x00000000c2600000|  0%| F|  |TAMS 0x00000000c2500000| PB 0x00000000c2500000| Untracked |  0
|   8|0x00000000c2600000, 0x00000000c2600000, 0x00000000c2700000|  0%| F|  |TAMS 0x00000000c2600000| PB 0x00000000c2600000| Untracked |  0
|   9|0x00000000c2700000, 0x00000000c2700000, 0x00000000c2800000|  0%| F|  |TAMS 0x00000000c2700000| PB 0x00000000c2700000| Untracked |  0
|  10|0x00000000c2800000, 0x00000000c2800000, 0x00000000c2900000|  0%| F|  |TAMS 0x00000000c2800000| PB 0x00000000c2800000| Untracked |  0
|  11|0x00000000c2900000, 0x00000000c2900000, 0x00000000c2a00000|  0%| F|  |TAMS 0x00000000c2900000| PB 0x00000000c2900000| Untracked |  0
|  12|0x00000000c2a00000, 0x00000000c2a00000, 0x00000000c2b00000|  0%| F|  |TAMS 0x00000000c2a00000| PB 0x00000000c2a00000| Untracked |  0
|  13|0x00000000c2b00000, 0x00000000c2b00000, 0x00000000c2c00000|  0%| F|  |TAMS 0x00000000c2b00000| PB 0x00000000c2b00000| Untracked |  0
|  14|0x00000000c2c00000, 0x00000000c2c00000, 0x00000000c2d00000|  0%| F|  |TAMS 0x00000000c2c00000| PB 0x00000000c2c00000| Untracked |  0
|  15|0x00000000c2d00000, 0x00000000c2d00000, 0x00000000c2e00000|  0%| F|  |TAMS 0x00000000c2d00000| PB 0x00000000c2d00000| Untracked |  0
|  16|0x00000000c2e00000, 0x00000000c2e00000, 0x00000000c2f00000|  0%| F|  |TAMS 0x00000000c2e00000| PB 0x00000000c2e00000| Untracked |  0
|  17|0x00000000c2f00000, 0x00000000c2f00000, 0x00000000c3000000|  0%| F|  |TAMS 0x00000000c2f00000| PB 0x00000000c2f00000| Untracked |  0
|  18|0x00000000c3000000, 0x00000000c3000000, 0x00000000c3100000|  0%| F|  |TAMS 0x00000000c3000000| PB 0x00000000c3000000| Untracked |  0
|  19|0x00000000c3100000, 0x00000000c3100000, 0x00000000c3200000|  0%| F|  |TAMS 0x00000000c3100000| PB 0x00000000c3100000| Untracked |  0
|  20|0x00000000c3200000, 0x00000000c3200000, 0x00000000c3300000|  0%| F|  |TAMS 0x00000000c3200000| PB 0x00000000c3200000| Untracked |  0
|  21|0x00000000c3300000, 0x00000000c3300000, 0x00000000c3400000|  0%| F|  |TAMS 0x00000000c3300000| PB 0x00000000c3300000| Untracked |  0
|  22|0x00000000c3400000, 0x00000000c3400000, 0x00000000c3500000|  0%| F|  |TAMS 0x00000000c3400000| PB 0x00000000c3400000| Untracked |  0
|  23|0x00000000c3500000, 0x00000000c3500000, 0x00000000c3600000|  0%| F|  |TAMS 0x00000000c3500000| PB 0x00000000c3500000| Untracked |  0
|  24|0x00000000c3600000, 0x00000000c3600000, 0x00000000c3700000|  0%| F|  |TAMS 0x00000000c3600000| PB 0x00000000c3600000| Untracked |  0
|  25|0x00000000c3700000, 0x00000000c3700000, 0x00000000c3800000|  0%| F|  |TAMS 0x00000000c3700000| PB 0x00000000c3700000| Untracked |  0
|  26|0x00000000c3800000, 0x00000000c3800000, 0x00000000c3900000|  0%| F|  |TAMS 0x00000000c3800000| PB 0x00000000c3800000| Untracked |  0
|  27|0x00000000c3900000, 0x00000000c3900000, 0x00000000c3a00000|  0%| F|  |TAMS 0x00000000c3900000| PB 0x00000000c3900000| Untracked |  0
|  28|0x00000000c3a00000, 0x00000000c3a00000, 0x00000000c3b00000|  0%| F|  |TAMS 0x00000000c3a00000| PB 0x00000000c3a00000| Untracked |  0
|  29|0x00000000c3b00000, 0x00000000c3b00000, 0x00000000c3c00000|  0%| F|  |TAMS 0x00000000c3b00000| PB 0x00000000c3b00000| Untracked |  0
|  30|0x00000000c3c00000, 0x00000000c3c00000, 0x00000000c3d00000|  0%| F|  |TAMS 0x00000000c3c00000| PB 0x00000000c3c00000| Untracked |  0
|  31|0x00000000c3d00000, 0x00000000c3d00000, 0x00000000c3e00000|  0%| F|  |TAMS 0x00000000c3d00000| PB 0x00000000c3d00000| Untracked |  0
|  32|0x00000000c3e00000, 0x00000000c3e00000, 0x00000000c3f00000|  0%| F|  |TAMS 0x00000000c3e00000| PB 0x00000000c3e00000| Untracked |  0
|  33|0x00000000c3f00000, 0x00000000c3f00000, 0x00000000c4000000|  0%| F|  |TAMS 0x00000000c3f00000| PB 0x00000000c3f00000| Untracked |  0
|  34|0x00000000c4000000, 0x00000000c4000000, 0x00000000c4100000|  0%| F|  |TAMS 0x00000000c4000000| PB 0x00000000c4000000| Untracked |  0
|  35|0x00000000c4100000, 0x00000000c4100000, 0x00000000c4200000|  0%| F|  |TAMS 0x00000000c4100000| PB 0x00000000c4100000| Untracked |  0
|  36|0x00000000c4200000, 0x00000000c4200000, 0x00000000c4300000|  0%| F|  |TAMS 0x00000000c4200000| PB 0x00000000c4200000| Untracked |  0
|  37|0x00000000c4300000, 0x00000000c4300000, 0x00000000c4400000|  0%| F|  |TAMS 0x00000000c4300000| PB 0x00000000c4300000| Untracked |  0
|  38|0x00000000c4400000, 0x00000000c4400000, 0x00000000c4500000|  0%| F|  |TAMS 0x00000000c4400000| PB 0x00000000c4400000| Untracked |  0
|  39|0x00000000c4500000, 0x00000000c4500000, 0x00000000c4600000|  0%| F|  |TAMS 0x00000000c4500000| PB 0x00000000c4500000| Untracked |  0
|  40|0x00000000c4600000, 0x00000000c4600000, 0x00000000c4700000|  0%| F|  |TAMS 0x00000000c4600000| PB 0x00000000c4600000| Untracked |  0
|  41|0x00000000c4700000, 0x00000000c4700000, 0x00000000c4800000|  0%| F|  |TAMS 0x00000000c4700000| PB 0x00000000c4700000| Untracked |  0
|  42|0x00000000c4800000, 0x00000000c4800000, 0x00000000c4900000|  0%| F|  |TAMS 0x00000000c4800000| PB 0x00000000c4800000| Untracked |  0
|  43|0x00000000c4900000, 0x00000000c4900000, 0x00000000c4a00000|  0%| F|  |TAMS 0x00000000c4900000| PB 0x00000000c4900000| Untracked |  0
|  44|0x00000000c4a00000, 0x00000000c4a00000, 0x00000000c4b00000|  0%| F|  |TAMS 0x00000000c4a00000| PB 0x00000000c4a00000| Untracked |  0
|  45|0x00000000c4b00000, 0x00000000c4b00000, 0x00000000c4c00000|  0%| F|  |TAMS 0x00000000c4b00000| PB 0x00000000c4b00000| Untracked |  0
|  46|0x00000000c4c00000, 0x00000000c4c00000, 0x00000000c4d00000|  0%| F|  |TAMS 0x00000000c4c00000| PB 0x00000000c4c00000| Untracked |  0
|  47|0x00000000c4d00000, 0x00000000c4d00000, 0x00000000c4e00000|  0%| F|  |TAMS 0x00000000c4d00000| PB 0x00000000c4d00000| Untracked |  0
|  48|0x00000000c4e00000, 0x00000000c4e00000, 0x00000000c4f00000|  0%| F|  |TAMS 0x00000000c4e00000| PB 0x00000000c4e00000| Untracked |  0
|  49|0x00000000c4f00000, 0x00000000c4f00000, 0x00000000c5000000|  0%| F|  |TAMS 0x00000000c4f00000| PB 0x00000000c4f00000| Untracked |  0
|  50|0x00000000c5000000, 0x00000000c5000000, 0x00000000c5100000|  0%| F|  |TAMS 0x00000000c5000000| PB 0x00000000c5000000| Untracked |  0
|  51|0x00000000c5100000, 0x00000000c5100000, 0x00000000c5200000|  0%| F|  |TAMS 0x00000000c5100000| PB 0x00000000c5100000| Untracked |  0
|  52|0x00000000c5200000, 0x00000000c5200000, 0x00000000c5300000|  0%| F|  |TAMS 0x00000000c5200000| PB 0x00000000c5200000| Untracked |  0
|  53|0x00000000c5300000, 0x00000000c5300000, 0x00000000c5400000|  0%| F|  |TAMS 0x00000000c5300000| PB 0x00000000c5300000| Untracked |  0
|  54|0x00000000c5400000, 0x00000000c5400000, 0x00000000c5500000|  0%| F|  |TAMS 0x00000000c5400000| PB 0x00000000c5400000| Untracked |  0
|  55|0x00000000c5500000, 0x00000000c5500000, 0x00000000c5600000|  0%| F|  |TAMS 0x00000000c5500000| PB 0x00000000c5500000| Untracked |  0
|  56|0x00000000c5600000, 0x00000000c5600000, 0x00000000c5700000|  0%| F|  |TAMS 0x00000000c5600000| PB 0x00000000c5600000| Untracked |  0
|  57|0x00000000c5700000, 0x00000000c5784010, 0x00000000c5800000| 51%| E|  |TAMS 0x00000000c5700000| PB 0x00000000c5700000| Complete |  0
|  58|0x00000000c5800000, 0x00000000c5900000, 0x00000000c5900000|100%| E|CS|TAMS 0x00000000c5800000| PB 0x00000000c5800000| Complete |  0
|  59|0x00000000c5900000, 0x00000000c5a00000, 0x00000000c5a00000|100%| E|CS|TAMS 0x00000000c5900000| PB 0x00000000c5900000| Complete |  0
|  60|0x00000000c5a00000, 0x00000000c5b00000, 0x00000000c5b00000|100%| E|CS|TAMS 0x00000000c5a00000| PB 0x00000000c5a00000| Complete |  0
|  61|0x00000000c5b00000, 0x00000000c5c00000, 0x00000000c5c00000|100%| E|CS|TAMS 0x00000000c5b00000| PB 0x00000000c5b00000| Complete |  0
|  62|0x00000000c5c00000, 0x00000000c5d00000, 0x00000000c5d00000|100%| E|CS|TAMS 0x00000000c5c00000| PB 0x00000000c5c00000| Complete |  0
|  63|0x00000000c5d00000, 0x00000000c5e00000, 0x00000000c5e00000|100%| E|CS|TAMS 0x00000000c5d00000| PB 0x00000000c5d00000| Complete |  0
| 992|0x00000000ffe00000, 0x00000000fff00000, 0x00000000fff00000|100%| O|  |TAMS 0x00000000ffe00000| PB 0x00000000ffe00000| Untracked |  0
| 993|0x00000000fff00000, 0x00000000fff24ea8, 0x0000000100000000| 14%| O|  |TAMS 0x00000000fff00000| PB 0x00000000fff00000| Untracked |  0

Card table byte_map: [0x0000029f79610000,0x0000029f79810000] _byte_map_base: 0x0000029f79001000

Marking Bits: (CMBitMap*) 0x0000029f7937a540
 Bits: [0x0000029f79810000, 0x0000029f7a798000)

Polling page: 0x0000029f78b20000

Metaspace:
Metaspace        used 3658K, committed 3776K, reserved 1114112K
 class space     used 245K, committed 320K, reserved 1048576K

Usage:
  Non-class:      3.33 MB used.
      Class:    245.08 KB used.
       Both:      3.57 MB used.

Virtual space:
  Non-class space:       64.00 MB reserved,       3.38 MB (  5%) committed,  1 nodes.
      Class space:        1.00 GB reserved,     320.00 KB ( <1%) committed,  1 nodes.
             Both:        1.06 GB reserved,       3.69 MB ( <1%) committed. 

Chunk freelists:
   Non-Class:  11.97 MB
       Class:  15.74 MB
        Both:  27.70 MB

MaxMetaspaceSize: unlimited
CompressedClassSpaceSize: 1.00 GB
Initial GC threshold: 21.00 MB
Current GC threshold: 21.00 MB
CDS: on
 - commit_granule_bytes: 65536.
 - commit_granule_words: 8192.
 - virtual_space_node_default_size: 8388608.
 - enlarge_chunks_in_place: 1.
UseCompressedClassPointers 1, UseCompactObjectHeaders 0
Narrow klass pointer bits 32, Max shift 3
Narrow klass base: 0x0000000006000000, Narrow klass shift: 0
Encoding Range: [0x0000000006000000 - 0x0000000106000000), (4294967296 bytes)
Klass Range:    [0x0000000006010000 - 0x0000000047000000), (1090453504 bytes)
Klass ID Range:  [65536 - 1090519033) (1090453497)
Protection zone: [0x0000000006000000 - 0x0000000006010000), (65536 bytes)


Internal statistics:

num_allocs_failed_limit: 0.
num_arena_births: 30.
num_arena_deaths: 0.
num_vsnodes_births: 2.
num_vsnodes_deaths: 0.
num_space_committed: 59.
num_space_uncommitted: 0.
num_chunks_returned_to_freelist: 0.
num_chunks_taken_from_freelist: 33.
num_chunk_merges: 0.
num_chunk_splits: 25.
num_chunks_enlarged: 12.
num_inconsistent_stats: 0.

CodeHeap 'non-profiled nmethods': size=120064Kb used=103Kb max_used=103Kb free=119960Kb
 bounds [0x0000029f104f0000, 0x0000029f10760000, 0x0000029f17a30000]
CodeHeap 'profiled nmethods': size=120000Kb used=646Kb max_used=646Kb free=119353Kb
 bounds [0x0000029f08a30000, 0x0000029f08ca0000, 0x0000029f0ff60000]
CodeHeap 'non-nmethods': size=5696Kb used=1386Kb max_used=1386Kb free=4309Kb
 bounds [0x0000029f0ff60000, 0x0000029f101d0000, 0x0000029f104f0000]
CodeCache: size=245760Kb, used=2135Kb, max_used=2135Kb, free=243622Kb
 total_blobs=994, nmethods=484, adapters=413, full_count=0
Compilation: enabled, stopped_count=0, restarted_count=0

Compilation events (20 events):
Event: 0.337 Thread 0x0000029f7cc07cc0 nmethod 360 0x0000029f10506008 code [0x0000029f10506100, 0x0000029f105061c8]
Event: 0.337 Thread 0x0000029f7cc07cc0  394       1       jdk.internal.classfile.impl.LabelImpl::labelContext (5 bytes)
Event: 0.337 Thread 0x0000029f7cc07cc0 nmethod 394 0x0000029f10506308 code [0x0000029f10506400, 0x0000029f105064c8]
Event: 0.337 Thread 0x0000029f7cc07cc0  409       3       jdk.internal.classfile.impl.DirectCodeBuilder::aload (32 bytes)
Event: 0.337 Thread 0x0000029f7cc07cc0 nmethod 409 0x0000029f08ab0208 code [0x0000029f08ab0300, 0x0000029f08ab0590]
Event: 0.337 Thread 0x0000029f7cc07cc0  410       3       jdk.internal.classfile.impl.BufWriterImpl::<init> (39 bytes)
Event: 0.337 Thread 0x0000029f7cc07cc0 nmethod 410 0x0000029f08ab0608 code [0x0000029f08ab0700, 0x0000029f08ab0a80]
Event: 0.337 Thread 0x0000029f7cc07cc0  411       3       java.lang.invoke.LambdaForm::uncustomize (57 bytes)
Event: 0.338 Thread 0x0000029f7cc07cc0 nmethod 411 0x0000029f08ab0a88 code [0x0000029f08ab0b80, 0x0000029f08ab0e60]
Event: 0.338 Thread 0x0000029f7cc07cc0  397       1       jdk.internal.classfile.impl.BufWriterImpl::constantPool (5 bytes)
Event: 0.338 Thread 0x0000029f7cc07cc0 nmethod 397 0x0000029f10506608 code [0x0000029f10506700, 0x0000029f105067c8]
Event: 0.338 Thread 0x0000029f7cc07cc0  398       1       jdk.internal.classfile.impl.AbstractAttributeMapper::name (5 bytes)
Event: 0.338 Thread 0x0000029f7cc07cc0 nmethod 398 0x0000029f10506908 code [0x0000029f10506a00, 0x0000029f10506ac8]
Event: 0.338 Thread 0x0000029f7cc07cc0  400       1       jdk.internal.classfile.impl.BufWriterImpl::getMajorVersion (5 bytes)
Event: 0.338 Thread 0x0000029f7cc07cc0 nmethod 400 0x0000029f10506c08 code [0x0000029f10506d00, 0x0000029f10506dc8]
Event: 0.338 Thread 0x0000029f7cc07cc0  401       1       jdk.internal.classfile.impl.BufWriterImpl::thisClass (5 bytes)
Event: 0.338 Thread 0x0000029f7cc07cc0 nmethod 401 0x0000029f10506f08 code [0x0000029f10507000, 0x0000029f105070c8]
Event: 0.338 Thread 0x0000029f7cc07cc0  402       1       jdk.internal.classfile.impl.DirectMethodBuilder::methodName (5 bytes)
Event: 0.338 Thread 0x0000029f7cc07cc0 nmethod 402 0x0000029f10507208 code [0x0000029f10507300, 0x0000029f105073c8]
Event: 0.338 Thread 0x0000029f7cc07cc0  412       3       jdk.internal.classfile.impl.BufWriterImpl::writeIndex (11 bytes)

GC Heap Usage History (0 events):
No events

Metaspace Usage History (0 events):
No events

Dll operation events (6 events):
Event: 0.041 Loaded shared library C:\Program Files\Apache NetBeans\jdk\bin\java.dll
Event: 0.131 Loaded shared library C:\Program Files\Apache NetBeans\jdk\bin\net.dll
Event: 0.134 Loaded shared library C:\Program Files\Apache NetBeans\jdk\bin\nio.dll
Event: 0.153 Loaded shared library C:\Program Files\Apache NetBeans\jdk\bin\zip.dll
Event: 0.189 Loaded shared library C:\Program Files\Apache NetBeans\jdk\bin\jimage.dll
Event: 0.194 Loaded shared library C:\Program Files\Apache NetBeans\jdk\bin\awt.dll

Deoptimization events (0 events):
No events

Classes loaded (20 events):
Event: 0.289 Loading class javax/swing/plaf/InsetsUIResource
Event: 0.290 Loading class javax/swing/plaf/InsetsUIResource done
Event: 0.294 Loading class javax/swing/plaf/BorderUIResource$EmptyBorderUIResource
Event: 0.294 Loading class javax/swing/border/EmptyBorder
Event: 0.294 Loading class javax/swing/border/AbstractBorder
Event: 0.294 Loading class javax/swing/border/Border
Event: 0.294 Loading class javax/swing/border/Border done
Event: 0.294 Loading class javax/swing/border/AbstractBorder done
Event: 0.294 Loading class javax/swing/border/EmptyBorder done
Event: 0.294 Loading class javax/swing/plaf/BorderUIResource$EmptyBorderUIResource done
Event: 0.301 Loading class javax/swing/plaf/basic/BasicLookAndFeel$2
Event: 0.301 Loading class javax/swing/plaf/basic/BasicLookAndFeel$2 done
Event: 0.312 Loading class javax/swing/plaf/DimensionUIResource
Event: 0.312 Loading class java/awt/Dimension
Event: 0.312 Loading class java/awt/geom/Dimension2D
Event: 0.312 Loading class java/awt/geom/Dimension2D done
Event: 0.312 Loading class java/awt/Dimension done
Event: 0.312 Loading class javax/swing/plaf/DimensionUIResource done
Event: 0.320 Loading class javax/swing/UIDefaults$LazyInputMap
Event: 0.320 Loading class javax/swing/UIDefaults$LazyInputMap done

Classes unloaded (0 events):
No events

Classes redefined (0 events):
No events

Internal exceptions (7 events):
Event: 0.164 Thread 0x0000029f7710de60 Exception <a 'java/lang/NoSuchMethodError'{0x00000000c5d48b20}: 'java.lang.Object java.lang.invoke.DirectMethodHandle$Holder.invokeStaticInit(java.lang.Object)'> (0x00000000c5d48b20) 
thrown [s\src\hotspot\share\interpreter\linkResolver.cpp, line 804]
Event: 0.185 Thread 0x0000029f7710de60 Exception <a 'java/lang/ClassNotFoundException'{0x00000000c5c866a0}: sun/awt/resources/spi/awtProvider> (0x00000000c5c866a0) 
thrown [s\src\hotspot\share\classfile\systemDictionary.cpp, line 327]
Event: 0.200 Thread 0x0000029f7710de60 Exception <a 'java/io/FileNotFoundException'{0x00000000c5ca5980}> (0x00000000c5ca5980) 
thrown [s\src\hotspot\share\prims\jni.cpp, line 516]
Event: 0.203 Thread 0x0000029f7710de60 Exception <a 'java/io/FileNotFoundException'{0x00000000c5cb8330}> (0x00000000c5cb8330) 
thrown [s\src\hotspot\share\prims\jni.cpp, line 516]
Event: 0.280 Thread 0x0000029f7710de60 Exception <a 'java/lang/NoSuchMethodError'{0x00000000c5a075d8}: 'void java.lang.invoke.DirectMethodHandle$Holder.invokeSpecial(java.lang.Object, java.lang.Object, java.lang.Object)'> (0x00000000c5a075d8) 
thrown [s\src\hotspot\share\interpreter\linkResolver.cpp, line 804]
Event: 0.295 Thread 0x0000029f7710de60 Exception <a 'java/lang/NoSuchMethodError'{0x00000000c5a76818}: 'java.lang.Object java.lang.invoke.DirectMethodHandle$Holder.newInvokeSpecial(java.lang.Object, java.lang.Object, java.lang.Object, java.lang.Object, java.lang.Object)'> (0x00000000c5a76818) 
thrown [s\src\hotspot\share\interpreter\linkResolver.cpp, line 804]
Event: 0.312 Thread 0x0000029f7710de60 Exception <a 'java/lang/NoSuchMethodError'{0x00000000c5adfb68}: 'java.lang.Object java.lang.invoke.DirectMethodHandle$Holder.invokeStatic(java.lang.Object, int, java.lang.Object)'> (0x00000000c5adfb68) 
thrown [s\src\hotspot\share\interpreter\linkResolver.cpp, line 804]

VM Operations (0 events):
No events

Memory protections (0 events):
No events

Nmethod flushes (0 events):
No events

Events (14 events):
Event: 0.084 Thread 0x0000029f7710de60 Thread added: 0x0000029f7710de60
Event: 0.109 Thread 0x0000029f7710de60 Thread added: 0x0000029f7cbc63d0
Event: 0.109 Thread 0x0000029f7710de60 Thread added: 0x0000029f7cbc9240
Event: 0.110 Thread 0x0000029f7710de60 Thread added: 0x0000029f7cbcded0
Event: 0.110 Thread 0x0000029f7710de60 Thread added: 0x0000029f7cbcea90
Event: 0.110 Thread 0x0000029f7710de60 Thread added: 0x0000029f7cbcfe70
Event: 0.110 Thread 0x0000029f7710de60 Thread added: 0x0000029f7cbd1040
Event: 0.111 Thread 0x0000029f7710de60 Thread added: 0x0000029f7cbd9f40
Event: 0.111 Thread 0x0000029f7710de60 Thread added: 0x0000029f7cc07cc0
Event: 0.121 Thread 0x0000029f7710de60 Thread added: 0x0000029f7ccb3730
Event: 0.126 Thread 0x0000029f7710de60 Thread added: 0x0000029f7ccb4780
Event: 0.248 Thread 0x0000029f7710de60 Thread added: 0x0000029f1c215f00
Event: 0.249 Thread 0x0000029f7710de60 Thread added: 0x0000029f17f04dd0
Event: 0.250 Thread 0x0000029f7710de60 Thread added: 0x0000029f17f05a70


Dynamic libraries:
0x00007ff7bddc0000 - 0x00007ff7bddce000 	C:\Program Files\Apache NetBeans\jdk\bin\java.exe
0x00007ffa6aed0000 - 0x00007ffa6b0c8000 	C:\WINDOWS\SYSTEM32\ntdll.dll
0x00007ffa6ac30000 - 0x00007ffa6acf2000 	C:\WINDOWS\System32\KERNEL32.DLL
0x00007ffa68bf0000 - 0x00007ffa68ee6000 	C:\WINDOWS\System32\KERNELBASE.dll
0x00007ffa687a0000 - 0x00007ffa688a0000 	C:\WINDOWS\System32\ucrtbase.dll
0x00007ffa4bf20000 - 0x00007ffa4bf3e000 	C:\Program Files\Apache NetBeans\jdk\bin\VCRUNTIME140.dll
0x00007ffa44180000 - 0x00007ffa44196000 	C:\Program Files\Apache NetBeans\jdk\bin\jli.dll
0x00007ffa69ae0000 - 0x00007ffa69c81000 	C:\WINDOWS\System32\USER32.dll
0x00007ffa67900000 - 0x00007ffa67b9b000 	C:\WINDOWS\WinSxS\amd64_microsoft.windows.common-controls_6595b64144ccf1df_6.0.19041.6456_none_60b8a6cb71f64256\COMCTL32.dll
0x00007ffa68630000 - 0x00007ffa68652000 	C:\WINDOWS\System32\win32u.dll
0x00007ffa6a7c0000 - 0x00007ffa6a7eb000 	C:\WINDOWS\System32\GDI32.dll
0x00007ffa6ad00000 - 0x00007ffa6ad9e000 	C:\WINDOWS\System32\msvcrt.dll
0x00007ffa68a50000 - 0x00007ffa68b69000 	C:\WINDOWS\System32\gdi32full.dll
0x00007ffa68590000 - 0x00007ffa6862d000 	C:\WINDOWS\System32\msvcp_win.dll
0x00007ffa6aae0000 - 0x00007ffa6ab0f000 	C:\WINDOWS\System32\IMM32.DLL
0x00007ffa636a0000 - 0x00007ffa636ac000 	C:\Program Files\Apache NetBeans\jdk\bin\vcruntime140_1.dll
0x00007ffa41910000 - 0x00007ffa4199d000 	C:\Program Files\Apache NetBeans\jdk\bin\msvcp140.dll
0x00007ffa36810000 - 0x00007ffa37736000 	C:\Program Files\Apache NetBeans\jdk\bin\server\jvm.dll
0x00007ffa6ab70000 - 0x00007ffa6ac21000 	C:\WINDOWS\System32\ADVAPI32.dll
0x00007ffa6aa40000 - 0x00007ffa6aadf000 	C:\WINDOWS\System32\sechost.dll
0x00007ffa69c90000 - 0x00007ffa69db0000 	C:\WINDOWS\System32\RPCRT4.dll
0x00007ffa68560000 - 0x00007ffa68587000 	C:\WINDOWS\System32\bcrypt.dll
0x00007ffa69db0000 - 0x00007ffa69e1b000 	C:\WINDOWS\System32\WS2_32.dll
0x00007ffa67fa0000 - 0x00007ffa67feb000 	C:\WINDOWS\SYSTEM32\POWRPROF.dll
0x00007ffa54830000 - 0x00007ffa54857000 	C:\WINDOWS\SYSTEM32\WINMM.dll
0x00007ffa65040000 - 0x00007ffa6504a000 	C:\WINDOWS\SYSTEM32\VERSION.dll
0x00007ffa67ba0000 - 0x00007ffa67bb2000 	C:\WINDOWS\SYSTEM32\UMPDC.dll
0x00007ffa666d0000 - 0x00007ffa666e2000 	C:\WINDOWS\SYSTEM32\kernel.appcore.dll
0x00007ffa606d0000 - 0x00007ffa606da000 	C:\Program Files\Apache NetBeans\jdk\bin\jimage.dll
0x00007ffa67d90000 - 0x00007ffa67f91000 	C:\WINDOWS\SYSTEM32\DBGHELP.DLL
0x00007ffa67cb0000 - 0x00007ffa67ce4000 	C:\WINDOWS\SYSTEM32\dbgcore.DLL
0x00007ffa68660000 - 0x00007ffa686e2000 	C:\WINDOWS\System32\bcryptPrimitives.dll
0x00007ffa4a910000 - 0x00007ffa4a92e000 	C:\Program Files\Apache NetBeans\jdk\bin\java.dll
0x00007ffa6a7f0000 - 0x00007ffa6a91b000 	C:\WINDOWS\System32\ole32.dll
0x00007ffa69f00000 - 0x00007ffa6a254000 	C:\WINDOWS\System32\combase.dll
0x00007ffa692a0000 - 0x00007ffa69a10000 	C:\WINDOWS\System32\SHELL32.dll
0x00007ffa65d50000 - 0x00007ffa664f5000 	C:\WINDOWS\SYSTEM32\windows.storage.dll
0x00007ffa67860000 - 0x00007ffa6788b000 	C:\WINDOWS\SYSTEM32\Wldp.dll
0x00007ffa69a10000 - 0x00007ffa69add000 	C:\WINDOWS\System32\OLEAUT32.dll
0x00007ffa691f0000 - 0x00007ffa6929d000 	C:\WINDOWS\System32\SHCORE.dll
0x00007ffa69190000 - 0x00007ffa691eb000 	C:\WINDOWS\System32\shlwapi.dll
0x00007ffa68490000 - 0x00007ffa684b4000 	C:\WINDOWS\SYSTEM32\profapi.dll
0x00007ffa43ba0000 - 0x00007ffa43bb1000 	C:\Program Files\Apache NetBeans\jdk\bin\net.dll
0x00007ffa67760000 - 0x00007ffa677ca000 	C:\WINDOWS\system32\mswsock.dll
0x00007ffa43b00000 - 0x00007ffa43b16000 	C:\Program Files\Apache NetBeans\jdk\bin\nio.dll
0x00007ffa44160000 - 0x00007ffa44177000 	C:\Program Files\Apache NetBeans\jdk\bin\zip.dll
0x00007ffa409b0000 - 0x00007ffa40b30000 	C:\Program Files\Apache NetBeans\jdk\bin\awt.dll
0x00007ffa63250000 - 0x00007ffa632e4000 	C:\WINDOWS\SYSTEM32\apphelp.dll
0x00007ffa64ed0000 - 0x00007ffa64f6e000 	C:\WINDOWS\system32\uxtheme.dll
0x00007ffa6a920000 - 0x00007ffa6aa35000 	C:\WINDOWS\System32\MSCTF.dll
0x00007ffa652d0000 - 0x00007ffa652fe000 	C:\WINDOWS\system32\DWMAPI.DLL
0x00007ffa40d50000 - 0x00007ffa40dd7000 	C:\Program Files\Apache NetBeans\jdk\bin\freetype.dll
0x00007ffa3ddc0000 - 0x00007ffa3deaf000 	C:\Program Files\Apache NetBeans\jdk\bin\fontmanager.dll

JVMTI agents: none

dbghelp: loaded successfully - version: 4.0.5 - missing functions: none
symbol engine: initialized successfully - sym options: 0x614 - pdb path: .;C:\Program Files\Apache NetBeans\jdk\bin;C:\WINDOWS\SYSTEM32;C:\WINDOWS\WinSxS\amd64_microsoft.windows.common-controls_6595b64144ccf1df_6.0.19041.6456_none_60b8a6cb71f64256;C:\Program Files\Apache NetBeans\jdk\bin\server

VM Arguments:
jvm_args: -Dfile.encoding=UTF-8 
java_command: com.pizzaria.util.MainApp
java_class_path (initial): C:\PizzariaGarage86\lib;C:\PizzariaGarage86\lib\mysql-connector-j-9.5.0.jar;C:\PizzariaGarage86\build\classes
Launcher Type: SUN_STANDARD

[Global flags]
     intx CICompilerCount                          = 3                                         {product} {ergonomic}
     uint ConcGCThreads                            = 1                                         {product} {ergonomic}
     uint G1ConcRefinementThreads                  = 4                                         {product} {ergonomic}
   size_t G1HeapRegionSize                         = 1048576                                   {product} {ergonomic}
   size_t InitialHeapSize                          = 67108864                                  {product} {ergonomic}
   size_t MarkStackSize                            = 4194304                                   {product} {ergonomic}
   size_t MarkStackSizeMax                         = 536870912                                 {product} {ergonomic}
   size_t MaxHeapSize                              = 1042284544                                {product} {ergonomic}
   size_t MaxNewSize                               = 624951296                                 {product} {ergonomic}
   size_t MinHeapDeltaBytes                        = 1048576                                   {product} {ergonomic}
   size_t MinHeapSize                              = 8388608                                   {product} {ergonomic}
    uintx NonNMethodCodeHeapSize                   = 5832704                                {pd product} {ergonomic}
    uintx NonProfiledCodeHeapSize                  = 122945536                              {pd product} {ergonomic}
    uintx ProfiledCodeHeapSize                     = 122880000                              {pd product} {ergonomic}
    uintx ReservedCodeCacheSize                    = 251658240                              {pd product} {ergonomic}
     bool SegmentedCodeCache                       = true                                      {product} {ergonomic}
   size_t SoftMaxHeapSize                          = 1042284544                             {manageable} {ergonomic}
     bool UseCompressedOops                        = true                           {product lp64_product} {ergonomic}
     bool UseG1GC                                  = true                                      {product} {ergonomic}
     bool UseLargePagesIndividualAllocation        = false                                  {pd product} {ergonomic}

Logging:
Log output configuration:
 #0: stdout all=warning uptime,level,tags foldmultilines=false
 #1: stderr all=off uptime,level,tags foldmultilines=false

Release file:
IMPLEMENTOR="Eclipse Adoptium" 
IMPLEMENTOR_VERSION="Temurin-25.0.1+8" 
JAVA_RUNTIME_VERSION="25.0.1+8-LTS" 
JAVA_VERSION="25.0.1" 
JAVA_VERSION_DATE="2025-10-21" 
LIBC="default" 
MODULES="java.base java.compiler java.datatransfer java.xml java.prefs java.desktop java.instrument java.logging java.management java.security.sasl java.naming java.rmi java.management.rmi java.net.http java.scripting java.security.jgss java.transaction.xa java.sql java.sql.rowset java.xml.crypto java.se java.smartcardio jdk.accessibility jdk.internal.jvmstat jdk.attach jdk.charsets jdk.internal.opt jdk.zipfs jdk.compiler jdk.crypto.cryptoki jdk.crypto.ec jdk.crypto.mscapi jdk.dynalink jdk.internal.ed jdk.editpad jdk.internal.vm.ci jdk.graal.compiler jdk.graal.compiler.management jdk.hotspot.agent jdk.httpserver jdk.incubator.vector jdk.internal.le jdk.internal.md jdk.jartool jdk.javadoc jdk.jcmd jdk.management jdk.management.agent jdk.jconsole jdk.jdeps jdk.jdwp.agent jdk.jdi jdk.jfr jdk.jlink jdk.jpackage jdk.jshell jdk.jsobject jdk.jstatd jdk.localedata jdk.management.jfr jdk.naming.dns jdk.naming.rmi jdk.net jdk.nio.mapmode jdk.sctp jdk.security.auth jdk.security.jgss jdk.unsupported jdk.unsupported.desktop jdk.xml.dom" 
OS_ARCH="x86_64" 
OS_NAME="Windows" 
SOURCE=".:git:61d6a2c1b35e" 
BUILD_SOURCE="git:839fa0b45d809157cffd3dc8515aad262a4a1776"
BUILD_SOURCE_REPO="https://github.com/adoptium/temurin-build.git"
SOURCE_REPO="https://github.com/adoptium/jdk25u.git"
FULL_VERSION="25.0.1+8-LTS"
SEMANTIC_VERSION="25.0.1+8"
BUILD_INFO="OS: Windows Server 2022 Version: 10.0"
JVM_VARIANT="Hotspot"
JVM_VERSION="25.0.1+8-LTS"
IMAGE_TYPE="JDK"

Environment Variables:
PATH=C:\Program Files (x86)\Common Files\Oracle\Java\java8path;C:\Program Files (x86)\Common Files\Oracle\Java\javapath;C:\WINDOWS\system32;C:\WINDOWS;C:\WINDOWS\System32\Wbem;C:\WINDOWS\System32\WindowsPowerShell\v1.0\;C:\WINDOWS\System32\OpenSSH\;C:\Program Files\Git\cmd;C:\Program Files\MySQL\MySQL Shell 8.0\bin\;C:\Users\snfra\AppData\Local\Programs\Python\Python312\Scripts\;C:\Users\snfra\AppData\Local\Programs\Python\Python312\;C:\Users\snfra\AppData\Local\Programs\Python\Launcher\;C:\Users\snfra\AppData\Local\Microsoft\WindowsApps;C:\Users\snfra\AppData\Local\Programs\Microsoft VS Code\bin;C:\Users\snfra\AppData\Local\GitHubDesktop\bin
USERNAME=snfra
OS=Windows_NT
PROCESSOR_IDENTIFIER=Intel64 Family 6 Model 142 Stepping 9, GenuineIntel
TMP=C:\Users\snfra\AppData\Local\Temp
TEMP=C:\Users\snfra\AppData\Local\Temp




Compilation memory statistics disabled.

Periodic native trim disabled

---------------  S Y S T E M  ---------------

OS:
 Windows 10 , 64 bit Build 19041 (10.0.19041.5915)
OS uptime: 1 days 23:31 hours

CPU: total 4 (initial active 4) (2 cores per cpu, 2 threads per core) family 6 model 142 stepping 9 microcode 0xb4, cx8, cmov, fxsr, ht, mmx, 3dnowpref, sse, sse2, sse3, ssse3, sse4.1, sse4.2, popcnt, lzcnt, tsc, tscinvbit, avx, avx2, aes, erms, clmul, bmi1, bmi2, adx, fma, vzeroupper, clflush, clflushopt, rdtscp, f16c
Processor Information for processor 0
  Max Mhz: 2304, Current Mhz: 1402, Mhz Limit: 2304
Processor Information for processor 1
  Max Mhz: 2304, Current Mhz: 1402, Mhz Limit: 2304
Processor Information for processor 2
  Max Mhz: 2304, Current Mhz: 2304, Mhz Limit: 2304
Processor Information for processor 3
  Max Mhz: 2304, Current Mhz: 1402, Mhz Limit: 2304

Memory: 4k page, system-wide physical 3975M (432M free)
TotalPageFile size 8071M (AvailPageFile size 1M)
current process WorkingSet (physical memory assigned to process): 55M, peak: 55M
current process commit charge ("private bytes"): 149M, peak: 149M

vm_info: OpenJDK 64-Bit Server VM (25.0.1+8-LTS) for windows-amd64 JRE (25.0.1+8-LTS), built on 2025-10-21T00:00:00Z with unknown MS VC++:1942

END.
